PFBP0700000075

PFBO0200000136

PFLA0100001045

PFLA0100001039

PFBO1200001329

PFBO0600000410

PFLA0100001041

PFLA0100001042

PFLA0100001035

PFLA0100001043

PFLA0100001054

PFLA0100001038

PFLA0100001040

PFLA0100001044
